###############################################################################
#
# IAR ELF Linker V9.10.1.308/W64 for ARM                  21/Dec/2025  21:42:24
# Copyright 2007-2021 IAR Systems AB.
#
#    Output file  =
#        C:\Users\Lenovo\Desktop\Senior-1\Fall 2025\CSE211 Introduction to
#        Embedded
#        Systems\Project\Door_Lock_System\CONTROL_ECU\Debug\Exe\CONTROL_ECU.out
#    Map file     =
#        C:\Users\Lenovo\Desktop\Senior-1\Fall 2025\CSE211 Introduction to
#        Embedded
#        Systems\Project\Door_Lock_System\CONTROL_ECU\Debug\List\CONTROL_ECU.map
#    Command line =
#        -f "C:\Users\Lenovo\Desktop\Senior-1\Fall 2025\CSE211 Introduction to
#        Embedded
#        Systems\Project\Door_Lock_System\CONTROL_ECU\Debug\List\CONTROL_ECU.map.rsp"
#        ("C:\Users\Lenovo\Desktop\Senior-1\Fall 2025\CSE211 Introduction to
#        Embedded
#        Systems\Project\Door_Lock_System\CONTROL_ECU\Debug\Obj\HAL\Button.o"
#        "C:\Users\Lenovo\Desktop\Senior-1\Fall 2025\CSE211 Introduction to
#        Embedded
#        Systems\Project\Door_Lock_System\CONTROL_ECU\Debug\Obj\HAL\Buzzer.o"
#        "C:\Users\Lenovo\Desktop\Senior-1\Fall 2025\CSE211 Introduction to
#        Embedded
#        Systems\Project\Door_Lock_System\CONTROL_ECU\Debug\Obj\MCAL\Dio.o"
#        "C:\Users\Lenovo\Desktop\Senior-1\Fall 2025\CSE211 Introduction to
#        Embedded
#        Systems\Project\Door_Lock_System\CONTROL_ECU\Debug\Obj\HAL\Door_Lock.o"
#        "C:\Users\Lenovo\Desktop\Senior-1\Fall 2025\CSE211 Introduction to
#        Embedded
#        Systems\Project\Door_Lock_System\CONTROL_ECU\Debug\Obj\MCAL\EEPROM_Driver.o"
#        "C:\Users\Lenovo\Desktop\Senior-1\Fall 2025\CSE211 Introduction to
#        Embedded
#        Systems\Project\Door_Lock_System\CONTROL_ECU\Debug\Obj\MCAL\GPTM.o"
#        "C:\Users\Lenovo\Desktop\Senior-1\Fall 2025\CSE211 Introduction to
#        Embedded
#        Systems\Project\Door_Lock_System\CONTROL_ECU\Debug\Obj\HAL\Led.o"
#        "C:\Users\Lenovo\Desktop\Senior-1\Fall 2025\CSE211 Introduction to
#        Embedded
#        Systems\Project\Door_Lock_System\CONTROL_ECU\Debug\Obj\APP\main.o"
#        "C:\Users\Lenovo\Desktop\Senior-1\Fall 2025\CSE211 Introduction to
#        Embedded
#        Systems\Project\Door_Lock_System\CONTROL_ECU\Debug\Obj\HAL\Memory_Manager.o"
#        "C:\Users\Lenovo\Desktop\Senior-1\Fall 2025\CSE211 Introduction to
#        Embedded
#        Systems\Project\Door_Lock_System\CONTROL_ECU\Debug\Obj\APP\startup_ewarm.o"
#        "C:\Users\Lenovo\Desktop\Senior-1\Fall 2025\CSE211 Introduction to
#        Embedded
#        Systems\Project\Door_Lock_System\CONTROL_ECU\Debug\Obj\MCAL\SYSTICK.o"
#        "C:\Users\Lenovo\Desktop\Senior-1\Fall 2025\CSE211 Introduction to
#        Embedded
#        Systems\Project\Door_Lock_System\CONTROL_ECU\Debug\Obj\MCAL\uart.o"
#        --no_out_extension -o "C:\Users\Lenovo\Desktop\Senior-1\Fall
#        2025\CSE211 Introduction to Embedded
#        Systems\Project\Door_Lock_System\CONTROL_ECU\Debug\Exe\CONTROL_ECU.out"
#        --redirect _Printf=_PrintfFullNoMb --redirect _Scanf=_ScanfFullNoMb
#        --map "C:\Users\Lenovo\Desktop\Senior-1\Fall 2025\CSE211 Introduction
#        to Embedded
#        Systems\Project\Door_Lock_System\CONTROL_ECU\Debug\List\CONTROL_ECU.map"
#        --log call_graph --log_file "C:\Users\Lenovo\Desktop\Senior-1\Fall
#        2025\CSE211 Introduction to Embedded
#        Systems\Project\Door_Lock_System\CONTROL_ECU\Debug\List\CONTROL_ECU.log"
#        --config "C:\Program Files\IAR Systems\Embedded Workbench
#        9.0\arm\config\linker\TexasInstruments\TM4C123GH6.icf" --semihosting
#        C:\ti\TivaWare_C_Series-2.2.0.295\driverlib\ewarm\Exe\driverlib.a
#        --entry __iar_program_start --vfe --enable_stack_usage --text_out
#        locale)
#
###############################################################################

*******************************************************************************
*** MESSAGES
***

Warning[Lt009]: Inconsistent wchar_t size
            gpio.o(driverlib.a) and 7 other objects in driverlib.a have wchar_t
                      size 16 bits
            Button.o and 27 other objects, some of them in rt7M_tl.a and 7
                      other libraries have wchar_t size 32 bits
Warning[Ls018]: [stack usage analysis] the function "__iar_program_start" is a
          call graph root, but there are calls to it
Warning[Ls015]: [stack usage analysis] at least one function appears to be
          uncalled. Example: "GPIOF_Handler". A complete list of uncalled
          functions is in the map file.


*******************************************************************************
*** RUNTIME MODEL ATTRIBUTES
***

CppFlavor       = *
__SystemLibrary = DLib
__dlib_version  = 6


*******************************************************************************
*** HEAP SELECTION
***

The basic heap was selected because no calls to memory allocation
functions were found in the application outside of system library
functions, and there are calls to deallocation functions in the
application.


*******************************************************************************
*** PLACEMENT SUMMARY
***

"A0":  place at address 0x0 { ro section .intvec };
"P1":  place in [from 0x0 to 0x3'ffff] { ro };
define block CSTACK with size = 4K, alignment = 8 { };
define block HEAP with size = 8K, alignment = 8 { };
"P2":  place in [from 0x2000'0000 to 0x2000'7fff] {
          rw, block CSTACK, block HEAP };
do not initialize { rw section .noinit };
initialize by copy { rw };

  Section            Kind         Address    Size  Object
  -------            ----         -------    ----  ------
"A0":                                       0x26c
  .intvec            const            0x0   0x26c  startup_ewarm.o [1]
                                  - 0x26c   0x26c

"P1":                                      0x1570
  .text              ro code        0x26c   0x2d4  gpio.o [5]
  .text              ro code        0x540   0x27c  main.o [1]
  .text              ro code        0x7bc    0xcc  Memory_Manager.o [2]
  .text              ro code        0x888    0xd4  uart.o [3]
  .text              ro code        0x95c   0x14a  iar_Stoulx.o [4]
  .text              ro code        0xaa6    0x2a  copy_init3.o [7]
  .text              ro code        0xad0    0xd8  GPTM.o [3]
  .text              ro code        0xba8    0x78  Door_Lock.o [2]
  .text              ro code        0xc20    0x48  SYSTICK.o [3]
  .text              ro code        0xc68    0x3c  Buzzer.o [2]
  .text              ro code        0xca4    0xd0  Button.o [2]
  .text              ro code        0xd74    0x7e  Led.o [2]
  .text              ro code        0xdf4    0x50  EEPROM_Driver.o [3]
  .text              ro code        0xe44    0x66  ABImemset.o [7]
  .text              ro code        0xeaa    0x28  strncmp.o [4]
  .text              ro code        0xed4   0x234  sysctl.o [5]
  .text              ro code       0x1108    0xd4  uart.o [5]
  .text              ro code       0x11dc    0x74  interrupt.o [5]
  .text              ro code       0x1250    0x58  memchr.o [7]
  .text              ro code       0x12a8    0xa2  timer.o [5]
  .text              ro code       0x134c    0x28  systick.o [5]
  .text              ro code       0x1374   0x1a4  Dio.o [3]
  .text              ro code       0x1518   0x174  eeprom.o [5]
  .rodata            const         0x168c    0x50  iar_Stoulx.o [4]
  .text              ro code       0x16dc    0x28  data_init.o [7]
  .text              ro code       0x1704    0x22  fpinit_M.o [6]
  .iar.init_table    const         0x1728    0x14  - Linker created -
  .text              ro code       0x173c    0x1e  startup_ewarm.o [1]
  .text              ro code       0x175c    0x1c  cstartup_M.o [7]
  .text              ro code       0x1778    0x1e  cmain.o [7]
  .text              ro code       0x1796     0x4  low_level_init.o [4]
  .text              ro code       0x179a     0x4  exit.o [4]
  .text              ro code       0x17a0     0xa  cexit.o [7]
  .text              ro code       0x17ac    0x14  exit.o [8]
  Initializer bytes  const         0x17c0     0xc  <for P2-1>
  .rodata            const         0x17cc     0x8  main.o [1]
  .rodata            const         0x17d4     0x8  Memory_Manager.o [2]
  .rodata            const         0x17dc     0x0  copy_init3.o [7]
                                 - 0x17dc  0x1570

"P2", part 1 of 2:                            0xc
  P2-1                        0x2000'0000     0x9  <Init block>
    .bss             inited   0x2000'0000     0x4  main.o [1]
    .bss             inited   0x2000'0004     0x4  main.o [1]
    .data            inited   0x2000'0008     0x1  main.o [1]
                            - 0x2000'0009     0x9

"P2", part 2 of 2:                          0x800
  .noinit            uninit   0x2000'000c   0x800  startup_ewarm.o [1]
                            - 0x2000'080c   0x800

Unused ranges:

         From           To      Size
         ----           --      ----
       0x17dc     0x3'ffff  0x3'e824
  0x2000'080c  0x2000'7fff    0x77f4


*******************************************************************************
*** INIT TABLE
***

          Address      Size
          -------      ----
Copy (__iar_copy_init3)
    1 source range, total size 0xc (133% of destination):
               0x17c0   0xc
    1 destination range, total size 0x9:
          0x2000'0000   0x9


*******************************************************************************
*** STACK USAGE
***

  Call Graph Root Category  Max Use  Total Use
  ------------------------  -------  ---------
  Program entry                100        100
  Uncalled function            128        440


Program entry
  "__iar_program_start": 0x175d

  Maximum call chain                              100  bytes

    "__iar_program_start"                           0
    "__cmain"                                       0
    "main"                                          8
    "Control_SystemInit"                            8
    "Buzzer_Init"                                   8
    "Dio_Init"                                     32
    "GPIOPinTypeGPIOOutput"                        16
    "GPIOPadConfigSet"                             28

Uncalled function
  "GPIOF_Handler": 0x663

  Maximum call chain                              112  bytes

    "GPIOF_Handler"                                 8
    "HardReset"                                     8
    "Memory_SavePassword"                          24
    "Eeprom_WriteBlock"                            16
    "EEPROMProgram"                                40
    "_EEPROMSectorMaskSet" in eeprom.o [5]         16

Uncalled function
  "Timer0A_Handler_CloseDoor": 0x63b

  Maximum call chain                               52  bytes

    "Timer0A_Handler_CloseDoor"                     8
    "SysTick_Wait"                                 24
    "SysCtlClockGet"                               20

Uncalled function
  "Timer1A_Handler_StopAlarm": 0x653

  Maximum call chain                               40  bytes

    "Timer1A_Handler_StopAlarm"                     8
    "Buzzer_Stop"                                   8
    "Dio_WriteChannel"                             24
    "GPIOPinWrite"                                  0

Uncalled function
  "UART5_Handler": 0x55d

  Maximum call chain                              128  bytes

    "UART5_Handler"                                24
    "Control_SavePassword"                          8
    "Memory_SavePassword"                          24
    "Eeprom_WriteBlock"                            16
    "EEPROMProgram"                                40
    "_EEPROMSectorMaskSet" in eeprom.o [5]         16

Uncalled function
  "FaultISR" in startup_ewarm.o [1]: 0x1757

  Maximum call chain                                0  bytes

    "FaultISR" in startup_ewarm.o [1]               0

Uncalled function
  "IntDefaultHandler" in startup_ewarm.o [1]: 0x1759

  Maximum call chain                                0  bytes

    "IntDefaultHandler" in startup_ewarm.o [1]      0

Uncalled function
  "NmiSR" in startup_ewarm.o [1]: 0x1755

  Maximum call chain                                0  bytes

    "NmiSR" in startup_ewarm.o [1]                  0

Uncalled function
  "ResetISR": 0x173d

  Maximum call chain                              108  bytes

    "ResetISR"                                      8
    "__iar_program_start"                           0
    "__cmain"                                       0
    "main"                                          8
    "Control_SystemInit"                            8
    "Buzzer_Init"                                   8
    "Dio_Init"                                     32
    "GPIOPinTypeGPIOOutput"                        16
    "GPIOPadConfigSet"                             28


*******************************************************************************
*** MODULE SUMMARY
***

    Module            ro code  ro data  rw data
    ------            -------  -------  -------
command line/config:
    -------------------------------------------
    Total:

C:\Users\Lenovo\Desktop\Senior-1\Fall 2025\CSE211 Introduction to Embedded Systems\Project\Door_Lock_System\CONTROL_ECU\Debug\Obj\APP: [1]
    main.o                636       17        9
    startup_ewarm.o        30      620    2'048
    -------------------------------------------
    Total:                666      637    2'057

C:\Users\Lenovo\Desktop\Senior-1\Fall 2025\CSE211 Introduction to Embedded Systems\Project\Door_Lock_System\CONTROL_ECU\Debug\Obj\HAL: [2]
    Button.o              208
    Buzzer.o               60
    Door_Lock.o           120
    Led.o                 126
    Memory_Manager.o      204        8
    -------------------------------------------
    Total:                718        8

C:\Users\Lenovo\Desktop\Senior-1\Fall 2025\CSE211 Introduction to Embedded Systems\Project\Door_Lock_System\CONTROL_ECU\Debug\Obj\MCAL: [3]
    Dio.o                 420
    EEPROM_Driver.o        80
    GPTM.o                216
    SYSTICK.o              72
    uart.o                212
    -------------------------------------------
    Total:              1'000

dl7M_tln.a: [4]
    exit.o                  4
    iar_Stoulx.o          330       80
    low_level_init.o        4
    strncmp.o              40
    -------------------------------------------
    Total:                378       80

driverlib.a: [5]
    eeprom.o              372
    gpio.o                724
    interrupt.o           116
    sysctl.o              564
    systick.o              40
    timer.o               162
    uart.o                212
    -------------------------------------------
    Total:              2'190

m7M_tls.a: [6]
    fpinit_M.o             34
    -------------------------------------------
    Total:                 34

rt7M_tl.a: [7]
    ABImemset.o           102
    cexit.o                10
    cmain.o                30
    copy_init3.o           42
    cstartup_M.o           28
    data_init.o            40
    memchr.o               88
    -------------------------------------------
    Total:                340

shb_l.a: [8]
    exit.o                 20
    -------------------------------------------
    Total:                 20

    Gaps                   12        2
    Linker created                  23
-----------------------------------------------
    Grand Total:        5'358      750    2'057


*******************************************************************************
*** ENTRY LIST
***

Entry                       Address   Size  Type      Object
-----                       -------   ----  ----      ------
.iar.init_table$$Base        0x1728          --   Gb  - Linker created -
.iar.init_table$$Limit       0x173c          --   Gb  - Linker created -
?main                        0x1779         Code  Gb  cmain.o [7]
Button_ClearInterrupt         0xd33    0x8  Code  Gb  Button.o [2]
Button_HardReset_Init         0xca5   0x8e  Code  Gb  Button.o [2]
Buzzer_Init                   0xc69    0xe  Code  Gb  Buzzer.o [2]
Buzzer_SmallBuzz              0xc93   0x12  Code  Gb  Buzzer.o [2]
Buzzer_Start                  0xc77    0xe  Code  Gb  Buzzer.o [2]
Buzzer_Stop                   0xc85    0xe  Code  Gb  Buzzer.o [2]
Control_ActivateAlarm         0x761   0x1c  Code  Gb  main.o [1]
Control_CheckPassword         0x6b3   0x60  Code  Gb  main.o [1]
Control_OpenDoorSequence
                              0x743   0x1e  Code  Gb  main.o [1]
Control_SavePassword          0x713   0x30  Code  Gb  main.o [1]
Control_SystemInit            0x689   0x2a  Code  Gb  main.o [1]
Control_UpdateTimeout         0x77d   0x2e  Code  Gb  main.o [1]
Dio_Init                     0x1375  0x102  Code  Gb  Dio.o [3]
Dio_WriteChannel             0x1477   0x72  Code  Gb  Dio.o [3]
DoorLock_Init                 0xba9   0x3e  Code  Gb  Door_Lock.o [2]
DoorLock_Lock                 0xc01    0xe  Code  Gb  Door_Lock.o [2]
DoorLock_Unlock               0xbe7   0x1a  Code  Gb  Door_Lock.o [2]
EEPROMInit                   0x1571   0x2a  Code  Gb  eeprom.o [5]
EEPROMProgram                0x15d3   0x98  Code  Gb  eeprom.o [5]
EEPROMRead                   0x15a9   0x2a  Code  Gb  eeprom.o [5]
Eeprom_Init                   0xdf5   0x24  Code  Gb  EEPROM_Driver.o [3]
Eeprom_ReadBlock              0xe31   0x14  Code  Gb  EEPROM_Driver.o [3]
Eeprom_WriteBlock             0xe1d   0x14  Code  Gb  EEPROM_Driver.o [3]
FaultISR                     0x1757    0x2  Code  Lc  startup_ewarm.o [1]
GPIODirModeSet                0x26d   0x28  Code  Gb  gpio.o [5]
GPIOF_Handler                 0x663   0x26  Code  Gb  main.o [1]
GPIOPadConfigSet              0x295  0x174  Code  Gb  gpio.o [5]
GPIOPinConfigure              0x467   0x38  Code  Gb  gpio.o [5]
GPIOPinTypeGPIOInput          0x413   0x14  Code  Gb  gpio.o [5]
GPIOPinTypeGPIOOutput         0x427    0xa  Code  Gb  gpio.o [5]
GPIOPinTypeUART               0x44b   0x14  Code  Gb  gpio.o [5]
GPIOPinWrite                  0x409    0x6  Code  Gb  gpio.o [5]
GPTM_AlarmTimer_ClearInt
                              0xb85    0xc  Code  Gb  GPTM.o [3]
GPTM_AlarmTimer_Start         0xb59   0x20  Code  Gb  GPTM.o [3]
GPTM_AlarmTimer_Stop          0xb79    0xc  Code  Gb  GPTM.o [3]
GPTM_DoorTimer_ClearInt
                              0xb4d    0xc  Code  Gb  GPTM.o [3]
GPTM_DoorTimer_Start          0xb21   0x20  Code  Gb  GPTM.o [3]
GPTM_DoorTimer_Stop           0xb41    0xc  Code  Gb  GPTM.o [3]
GPTM_Init                     0xad1   0x50  Code  Gb  GPTM.o [3]
HardReset                     0x86d   0x16  Code  Gb  Memory_Manager.o [2]
IntDefaultHandler            0x1759    0x2  Code  Lc  startup_ewarm.o [1]
IntEnable                    0x11dd   0x56  Code  Gb  interrupt.o [5]
Led_BlueInit                  0xdad    0xe  Code  Gb  Led.o [2]
Led_BlueTurnOff               0xdbb    0xe  Code  Gb  Led.o [2]
Led_BlueTurnOn                0xd9f    0xe  Code  Gb  Led.o [2]
Led_GreenInit                 0xdd7    0xe  Code  Gb  Led.o [2]
Led_GreenTurnOff              0xde5    0xe  Code  Gb  Led.o [2]
Led_GreenTurnOn               0xdc9    0xe  Code  Gb  Led.o [2]
Led_RedInit                   0xd83    0xe  Code  Gb  Led.o [2]
Led_RedTurnOff                0xd91    0xe  Code  Gb  Led.o [2]
Led_RedTurnOn                 0xd75    0xe  Code  Gb  Led.o [2]
Memory_CheckPassword          0x811   0x20  Code  Gb  Memory_Manager.o [2]
Memory_GetCheckFirstTime
                              0x85d   0x10  Code  Gb  Memory_Manager.o [2]
Memory_GetPassword            0x7fd   0x14  Code  Gb  Memory_Manager.o [2]
Memory_GetTimeout             0x83f   0x10  Code  Gb  Memory_Manager.o [2]
Memory_Init                   0x7bd    0x8  Code  Gb  Memory_Manager.o [2]
Memory_SaveCheckFirstTime
                              0x84f    0xe  Code  Gb  Memory_Manager.o [2]
Memory_SavePassword           0x7c5   0x38  Code  Gb  Memory_Manager.o [2]
Memory_SaveTimeout            0x831    0xe  Code  Gb  Memory_Manager.o [2]
NmiSR                        0x1755    0x2  Code  Lc  startup_ewarm.o [1]
Region$$Table$$Base          0x1728          --   Gb  - Linker created -
Region$$Table$$Limit         0x173c          --   Gb  - Linker created -
ResetISR                     0x173d   0x14  Code  Gb  startup_ewarm.o [1]
SysCtlClockGet                0xf59  0x110  Code  Gb  sysctl.o [5]
SysCtlDelay                   0xf51    0x8  Code  Gb  sysctl.o [5]
SysCtlPeripheralEnable        0xf35    0x8  Code  Gb  sysctl.o [5]
SysCtlPeripheralReady         0xed5    0x8  Code  Gb  sysctl.o [5]
SysCtlPeripheralReset         0xef5   0x40  Code  Gb  sysctl.o [5]
SysTickDisable               0x1359    0xc  Code  Gb  systick.o [5]
SysTickEnable                0x134d    0xc  Code  Gb  systick.o [5]
SysTickPeriodSet             0x1365    0x8  Code  Gb  systick.o [5]
SysTick_Wait                  0xc21   0x3e  Code  Gb  SYSTICK.o [3]
Timer0A_Handler_CloseDoor
                              0x63b   0x18  Code  Gb  main.o [1]
Timer1A_Handler_StopAlarm
                              0x653   0x10  Code  Gb  main.o [1]
TimerConfigure               0x12c1   0x52  Code  Gb  timer.o [5]
TimerDisable                 0x12b5    0xc  Code  Gb  timer.o [5]
TimerEnable                  0x12a9    0xc  Code  Gb  timer.o [5]
TimerIntClear                0x1347    0x4  Code  Gb  timer.o [5]
TimerIntEnable               0x1335    0x4  Code  Gb  timer.o [5]
TimerLoadSet                 0x1325   0x10  Code  Gb  timer.o [5]
UART5_CheckRxInterrupt        0x921   0x10  Code  Gb  uart.o [3]
UART5_ClearInterruptStatus
                              0x931    0xe  Code  Gb  uart.o [3]
UART5_Flush                   0x8ff   0x16  Code  Gb  uart.o [3]
UART5_GetInterruptStatus
                              0x915    0xc  Code  Gb  uart.o [3]
UART5_Handler                 0x55d   0xde  Code  Gb  main.o [1]
UART5_Init                    0x889   0x5a  Code  Gb  uart.o [3]
UART5_ReceiveChar             0x8f3    0xc  Code  Gb  uart.o [3]
UART5_SendChar                0x8e3   0x10  Code  Gb  uart.o [3]
UARTCharGet                  0x11b5    0xa  Code  Gb  uart.o [5]
UARTCharGetNonBlocking       0x11a7    0xe  Code  Gb  uart.o [5]
UARTCharPut                  0x11bf    0xa  Code  Gb  uart.o [5]
UARTCharsAvail               0x1197    0x6  Code  Gb  uart.o [5]
UARTConfigSetExpClk          0x1109   0x4c  Code  Gb  uart.o [5]
UARTDisable                  0x116f   0x1e  Code  Gb  uart.o [5]
UARTEnable                   0x1155   0x1a  Code  Gb  uart.o [5]
UARTIntClear                 0x11d9    0x4  Code  Gb  uart.o [5]
UARTIntEnable                0x11c9    0x6  Code  Gb  uart.o [5]
UARTIntStatus                0x11cf    0xa  Code  Gb  uart.o [5]
_EEPROMSectorMaskClear       0x1543   0x22  Code  Lc  eeprom.o [5]
_EEPROMSectorMaskSet         0x1519   0x2a  Code  Lc  eeprom.o [5]
__aeabi_memset                0xe45         Code  Gb  ABImemset.o [7]
__cmain                      0x1779         Code  Gb  cmain.o [7]
__exit                       0x17ad   0x14  Code  Gb  exit.o [8]
__iar_Memchr                 0x1251         Code  Gb  memchr.o [7]
__iar_Memset                  0xe45         Code  Gb  ABImemset.o [7]
__iar_Memset_word             0xe4d         Code  Gb  ABImemset.o [7]
__iar_Stoulx                  0x95d  0x13e  Code  Gb  iar_Stoulx.o [4]
__iar_copy_init3              0xaa7   0x2a  Code  Gb  copy_init3.o [7]
__iar_data_init3             0x16dd   0x28  Code  Gb  data_init.o [7]
__iar_init_vfp               0x1705         Code  Gb  fpinit_M.o [6]
__iar_program_start          0x175d         Code  Gb  cstartup_M.o [7]
__low_level_init             0x1797    0x4  Code  Gb  low_level_init.o [4]
__vector_table                  0x0  0x26c  Data  Gb  startup_ewarm.o [1]
_call_main                   0x1785         Code  Gb  cmain.o [7]
_exit                        0x17a1         Code  Gb  cexit.o [7]
counter                 0x2000'0004    0x4  Data  Gb  main.o [1]
digits                       0x16b4   0x28  Data  Lc  iar_Stoulx.o [4]
exit                         0x179b    0x4  Code  Gb  exit.o [4]
g_doorTimeout           0x2000'0008    0x1  Data  Gb  main.o [1]
g_isfirstime            0x2000'0000    0x4  Data  Gb  main.o [1]
g_pui32EnRegs                0x123c   0x14  Data  Lc  interrupt.o [5]
g_pui32GPIOBaseAddrs          0x4b0   0x90  Data  Lc  gpio.o [5]
g_pui32Xtals                 0x109c   0x6c  Data  Lc  sysctl.o [5]
main                          0x541   0x1c  Code  Gb  main.o [1]
memchr                       0x1251         Code  Gb  memchr.o [7]
ndigs                        0x168c   0x28  Data  Lc  iar_Stoulx.o [4]
pui32Stack              0x2000'000c  0x800  Data  Lc  startup_ewarm.o [1]
strncmp                       0xeab   0x28  Code  Gb  strncmp.o [4]
strtoul                       0xaa1    0x2  Code  Gb  iar_Stoulx.o [4]


[1] = C:\Users\Lenovo\Desktop\Senior-1\Fall 2025\CSE211 Introduction to Embedded Systems\Project\Door_Lock_System\CONTROL_ECU\Debug\Obj\APP
[2] = C:\Users\Lenovo\Desktop\Senior-1\Fall 2025\CSE211 Introduction to Embedded Systems\Project\Door_Lock_System\CONTROL_ECU\Debug\Obj\HAL
[3] = C:\Users\Lenovo\Desktop\Senior-1\Fall 2025\CSE211 Introduction to Embedded Systems\Project\Door_Lock_System\CONTROL_ECU\Debug\Obj\MCAL
[4] = dl7M_tln.a
[5] = driverlib.a
[6] = m7M_tls.a
[7] = rt7M_tl.a
[8] = shb_l.a

  5'358 bytes of readonly  code memory
    750 bytes of readonly  data memory
  2'057 bytes of readwrite data memory

Errors: none
Warnings: 3
